---
source: xee-xpath/src/parse_ast.rs
expression: "parse_expr_single(\"1 + (2 * 3)\")"
---
(
    Binary(
        BinaryExpr {
            operator: Add,
            left: PathExpr {
                steps: [
                    (
                        PrimaryExpr(
                            (
                                Literal(
                                    Integer(
                                        1,
                                    ),
                                ),
                                SourceSpan {
                                    offset: SourceOffset(
                                        0,
                                    ),
                                    length: SourceOffset(
                                        1,
                                    ),
                                },
                            ),
                        ),
                        SourceSpan {
                            offset: SourceOffset(
                                0,
                            ),
                            length: SourceOffset(
                                1,
                            ),
                        },
                    ),
                ],
            },
            right: PathExpr {
                steps: [
                    (
                        PrimaryExpr(
                            (
                                Expr(
                                    (
                                        [
                                            (
                                                Binary(
                                                    BinaryExpr {
                                                        operator: Mul,
                                                        left: PathExpr {
                                                            steps: [
                                                                (
                                                                    PrimaryExpr(
                                                                        (
                                                                            Literal(
                                                                                Integer(
                                                                                    2,
                                                                                ),
                                                                            ),
                                                                            SourceSpan {
                                                                                offset: SourceOffset(
                                                                                    5,
                                                                                ),
                                                                                length: SourceOffset(
                                                                                    1,
                                                                                ),
                                                                            },
                                                                        ),
                                                                    ),
                                                                    SourceSpan {
                                                                        offset: SourceOffset(
                                                                            5,
                                                                        ),
                                                                        length: SourceOffset(
                                                                            1,
                                                                        ),
                                                                    },
                                                                ),
                                                            ],
                                                        },
                                                        right: PathExpr {
                                                            steps: [
                                                                (
                                                                    PrimaryExpr(
                                                                        (
                                                                            Literal(
                                                                                Integer(
                                                                                    3,
                                                                                ),
                                                                            ),
                                                                            SourceSpan {
                                                                                offset: SourceOffset(
                                                                                    9,
                                                                                ),
                                                                                length: SourceOffset(
                                                                                    1,
                                                                                ),
                                                                            },
                                                                        ),
                                                                    ),
                                                                    SourceSpan {
                                                                        offset: SourceOffset(
                                                                            9,
                                                                        ),
                                                                        length: SourceOffset(
                                                                            1,
                                                                        ),
                                                                    },
                                                                ),
                                                            ],
                                                        },
                                                    },
                                                ),
                                                SourceSpan {
                                                    offset: SourceOffset(
                                                        5,
                                                    ),
                                                    length: SourceOffset(
                                                        5,
                                                    ),
                                                },
                                            ),
                                        ],
                                        SourceSpan {
                                            offset: SourceOffset(
                                                4,
                                            ),
                                            length: SourceOffset(
                                                7,
                                            ),
                                        },
                                    ),
                                ),
                                SourceSpan {
                                    offset: SourceOffset(
                                        4,
                                    ),
                                    length: SourceOffset(
                                        7,
                                    ),
                                },
                            ),
                        ),
                        SourceSpan {
                            offset: SourceOffset(
                                4,
                            ),
                            length: SourceOffset(
                                7,
                            ),
                        },
                    ),
                ],
            },
        },
    ),
    SourceSpan {
        offset: SourceOffset(
            0,
        ),
        length: SourceOffset(
            11,
        ),
    },
)
