---
source: xee-xpath/src/ast_ir.rs
expression: "convert_expr_single(\"function($x) { $x + 1 }(3 + 5)\")"
---
Ok(
    Spanned {
        value: Let(
            Let {
                name: Name(
                    "v3",
                ),
                var_expr: Spanned {
                    value: FunctionDefinition(
                        FunctionDefinition {
                            params: [
                                Param(
                                    Name(
                                        "v0",
                                    ),
                                ),
                            ],
                            body: Spanned {
                                value: Binary(
                                    Binary {
                                        left: Spanned {
                                            value: Variable(
                                                Name(
                                                    "v0",
                                                ),
                                            ),
                                            span: SourceSpan {
                                                offset: SourceOffset(
                                                    15,
                                                ),
                                                length: SourceOffset(
                                                    2,
                                                ),
                                            },
                                        },
                                        op: Add,
                                        right: Spanned {
                                            value: Const(
                                                Integer(
                                                    1,
                                                ),
                                            ),
                                            span: SourceSpan {
                                                offset: SourceOffset(
                                                    20,
                                                ),
                                                length: SourceOffset(
                                                    1,
                                                ),
                                            },
                                        },
                                    },
                                ),
                                span: SourceSpan {
                                    offset: SourceOffset(
                                        15,
                                    ),
                                    length: SourceOffset(
                                        7,
                                    ),
                                },
                            },
                        },
                    ),
                    span: SourceSpan {
                        offset: SourceOffset(
                            0,
                        ),
                        length: SourceOffset(
                            23,
                        ),
                    },
                },
                return_expr: Spanned {
                    value: Let(
                        Let {
                            name: Name(
                                "v6",
                            ),
                            var_expr: Spanned {
                                value: Binary(
                                    Binary {
                                        left: Spanned {
                                            value: Const(
                                                Integer(
                                                    3,
                                                ),
                                            ),
                                            span: SourceSpan {
                                                offset: SourceOffset(
                                                    24,
                                                ),
                                                length: SourceOffset(
                                                    1,
                                                ),
                                            },
                                        },
                                        op: Add,
                                        right: Spanned {
                                            value: Const(
                                                Integer(
                                                    5,
                                                ),
                                            ),
                                            span: SourceSpan {
                                                offset: SourceOffset(
                                                    28,
                                                ),
                                                length: SourceOffset(
                                                    1,
                                                ),
                                            },
                                        },
                                    },
                                ),
                                span: SourceSpan {
                                    offset: SourceOffset(
                                        24,
                                    ),
                                    length: SourceOffset(
                                        5,
                                    ),
                                },
                            },
                            return_expr: Spanned {
                                value: FunctionCall(
                                    FunctionCall {
                                        atom: Spanned {
                                            value: Variable(
                                                Name(
                                                    "v3",
                                                ),
                                            ),
                                            span: SourceSpan {
                                                offset: SourceOffset(
                                                    0,
                                                ),
                                                length: SourceOffset(
                                                    23,
                                                ),
                                            },
                                        },
                                        args: [
                                            Spanned {
                                                value: Variable(
                                                    Name(
                                                        "v6",
                                                    ),
                                                ),
                                                span: SourceSpan {
                                                    offset: SourceOffset(
                                                        24,
                                                    ),
                                                    length: SourceOffset(
                                                        5,
                                                    ),
                                                },
                                            },
                                        ],
                                    },
                                ),
                                span: SourceSpan {
                                    offset: SourceOffset(
                                        0,
                                    ),
                                    length: SourceOffset(
                                        0,
                                    ),
                                },
                            },
                        },
                    ),
                    span: SourceSpan {
                        offset: SourceOffset(
                            0,
                        ),
                        length: SourceOffset(
                            0,
                        ),
                    },
                },
            },
        ),
        span: SourceSpan {
            offset: SourceOffset(
                0,
            ),
            length: SourceOffset(
                0,
            ),
        },
    },
)
