---
source: xee-xpath/src/parse_ast.rs
expression: "parse_expr_single(\"'a' || 'b'\")"
---
(
    Binary(
        BinaryExpr {
            operator: Concat,
            left: PathExpr {
                steps: [
                    (
                        PrimaryExpr(
                            (
                                Literal(
                                    String(
                                        "a",
                                    ),
                                ),
                                0..3,
                            ),
                        ),
                        0..3,
                    ),
                ],
            },
            right: PathExpr {
                steps: [
                    (
                        PrimaryExpr(
                            (
                                Literal(
                                    String(
                                        "b",
                                    ),
                                ),
                                7..10,
                            ),
                        ),
                        7..10,
                    ),
                ],
            },
        },
    ),
    0..10,
)
