---
source: xee-xpath/src/parse_ast.rs
expression: "parse_expr_single(\"fn:root()\")"
---
Path(
    PathExpr {
        steps: [
            PrimaryExpr(
                FunctionCall(
                    FunctionCall {
                        name: Name {
                            name: "root",
                            namespace: Some(
                                "http://www.w3.org/2005/xpath-functions",
                            ),
                        },
                        arguments: [],
                    },
                ),
            ),
        ],
    },
)
