---
source: xee-xpath/src/ast_ir.rs
expression: "convert_xpath(\"1, 2, 3\")"
---
FunctionDefinition(
    FunctionDefinition {
        params: [
            Param(
                Name(
                    "v0",
                ),
            ),
        ],
        body: Let(
            Let {
                name: Name(
                    "v3",
                ),
                var_expr: Binary(
                    Binary {
                        left: Const(
                            Integer(
                                1,
                            ),
                        ),
                        op: Comma,
                        right: Const(
                            Integer(
                                2,
                            ),
                        ),
                    },
                ),
                return_expr: Binary(
                    Binary {
                        left: Variable(
                            Name(
                                "v3",
                            ),
                        ),
                        op: Comma,
                        right: Const(
                            Integer(
                                3,
                            ),
                        ),
                    },
                ),
            },
        ),
    },
)
