---
source: xee-xpath/src/ast_ir.rs
expression: "convert_xpath(\"child::a\")"
---
FunctionDefinition(
    FunctionDefinition {
        params: [
            Param(
                Name(
                    "v0",
                ),
            ),
        ],
        body: FunctionCall(
            FunctionCall {
                atom: Const(
                    Step(
                        Step {
                            axis: Child,
                            node_test: NameTest(
                                Name(
                                    Name {
                                        name: "a",
                                        namespace: None,
                                    },
                                ),
                            ),
                        },
                    ),
                ),
                args: [
                    Variable(
                        Name(
                            "v0",
                        ),
                    ),
                ],
            },
        ),
    },
)
