---
source: xee-xpath/src/parse_ast.rs
expression: "parse_expr_single(\"(1, 2) ! (. * 2)\")"
---
Apply(
    ApplyExpr {
        path_expr: PathExpr {
            steps: [
                PrimaryExpr(
                    Expr(
                        [
                            Path(
                                PathExpr {
                                    steps: [
                                        PrimaryExpr(
                                            Expr(
                                                [
                                                    Path(
                                                        PathExpr {
                                                            steps: [
                                                                PrimaryExpr(
                                                                    Literal(
                                                                        Integer(
                                                                            1,
                                                                        ),
                                                                    ),
                                                                ),
                                                            ],
                                                        },
                                                    ),
                                                    Path(
                                                        PathExpr {
                                                            steps: [
                                                                PrimaryExpr(
                                                                    Literal(
                                                                        Integer(
                                                                            2,
                                                                        ),
                                                                    ),
                                                                ),
                                                            ],
                                                        },
                                                    ),
                                                ],
                                            ),
                                        ),
                                    ],
                                },
                            ),
                        ],
                    ),
                ),
            ],
        },
        operator: SimpleMap(
            [
                PathExpr {
                    steps: [
                        PrimaryExpr(
                            Expr(
                                [
                                    Binary(
                                        BinaryExpr {
                                            operator: Mul,
                                            left: PathExpr {
                                                steps: [
                                                    PrimaryExpr(
                                                        ContextItem,
                                                    ),
                                                ],
                                            },
                                            right: PathExpr {
                                                steps: [
                                                    PrimaryExpr(
                                                        Literal(
                                                            Integer(
                                                                2,
                                                            ),
                                                        ),
                                                    ),
                                                ],
                                            },
                                        },
                                    ),
                                ],
                            ),
                        ),
                    ],
                },
            ],
        ),
    },
)
