---
source: xee-xpath/src/parse_ast.rs
expression: "parse_expr_single(\"child::Q{http://example.com}*\")"
---
Spanned {
    value: Path(
        PathExpr {
            steps: [
                Spanned {
                    value: AxisStep(
                        AxisStep {
                            axis: Child,
                            node_test: NameTest(
                                Namespace(
                                    "http://example.com",
                                ),
                            ),
                            predicates: [],
                        },
                    ),
                    span: SourceSpan {
                        offset: SourceOffset(
                            0,
                        ),
                        length: SourceOffset(
                            29,
                        ),
                    },
                },
            ],
        },
    ),
    span: SourceSpan {
        offset: SourceOffset(
            0,
        ),
        length: SourceOffset(
            29,
        ),
    },
}
