---
source: xee-xpath/src/parse_ast.rs
expression: "parse_expr_single(\"1 ! 2\")"
---
Spanned {
    value: Apply(
        ApplyExpr {
            path_expr: PathExpr {
                steps: [
                    Spanned {
                        value: PrimaryExpr(
                            Spanned {
                                value: Literal(
                                    Integer(
                                        1,
                                    ),
                                ),
                                span: SourceSpan {
                                    offset: SourceOffset(
                                        0,
                                    ),
                                    length: SourceOffset(
                                        1,
                                    ),
                                },
                            },
                        ),
                        span: SourceSpan {
                            offset: SourceOffset(
                                0,
                            ),
                            length: SourceOffset(
                                1,
                            ),
                        },
                    },
                ],
            },
            operator: SimpleMap(
                [
                    PathExpr {
                        steps: [
                            Spanned {
                                value: PrimaryExpr(
                                    Spanned {
                                        value: Literal(
                                            Integer(
                                                2,
                                            ),
                                        ),
                                        span: SourceSpan {
                                            offset: SourceOffset(
                                                4,
                                            ),
                                            length: SourceOffset(
                                                1,
                                            ),
                                        },
                                    },
                                ),
                                span: SourceSpan {
                                    offset: SourceOffset(
                                        4,
                                    ),
                                    length: SourceOffset(
                                        1,
                                    ),
                                },
                            },
                        ],
                    },
                ],
            ),
        },
    ),
    span: SourceSpan {
        offset: SourceOffset(
            0,
        ),
        length: SourceOffset(
            5,
        ),
    },
}
