---
source: xee-xpath/src/ast_ir.rs
expression: "convert_expr_single(\"my_function(5, 2)\")"
---
Ok(
    Let(
        Let {
            name: Name(
                "v0",
            ),
            var_expr: StaticFunctionReference(
                StaticFunctionId(
                    0,
                ),
                None,
            ),
            return_expr: FunctionCall(
                FunctionCall {
                    atom: (
                        Variable(
                            Name(
                                "v0",
                            ),
                        ),
                        0..0,
                    ),
                    args: [
                        (
                            Const(
                                Integer(
                                    5,
                                ),
                            ),
                            12..13,
                        ),
                        (
                            Const(
                                Integer(
                                    2,
                                ),
                            ),
                            15..16,
                        ),
                    ],
                },
            ),
        },
    ),
)
