---
source: xee-xpath/src/parse_ast.rs
expression: "parse_expr_single(\"1 and 2\")"
---
(
    Binary(
        BinaryExpr {
            operator: And,
            left: PathExpr {
                steps: [
                    (
                        PrimaryExpr(
                            (
                                Literal(
                                    Integer(
                                        1,
                                    ),
                                ),
                                SourceSpan {
                                    offset: SourceOffset(
                                        0,
                                    ),
                                    length: SourceOffset(
                                        1,
                                    ),
                                },
                            ),
                        ),
                        SourceSpan {
                            offset: SourceOffset(
                                0,
                            ),
                            length: SourceOffset(
                                1,
                            ),
                        },
                    ),
                ],
            },
            right: PathExpr {
                steps: [
                    (
                        PrimaryExpr(
                            (
                                Literal(
                                    Integer(
                                        2,
                                    ),
                                ),
                                SourceSpan {
                                    offset: SourceOffset(
                                        6,
                                    ),
                                    length: SourceOffset(
                                        1,
                                    ),
                                },
                            ),
                        ),
                        SourceSpan {
                            offset: SourceOffset(
                                6,
                            ),
                            length: SourceOffset(
                                1,
                            ),
                        },
                    ),
                ],
            },
        },
    ),
    SourceSpan {
        offset: SourceOffset(
            0,
        ),
        length: SourceOffset(
            7,
        ),
    },
)
