---
source: xee-xpath/src/parse_ast.rs
expression: "parse_expr_single(\"my_function(1, 2)\")"
---
Spanned {
    value: Path(
        PathExpr {
            steps: [
                Spanned {
                    value: PrimaryExpr(
                        Spanned {
                            value: FunctionCall(
                                FunctionCall {
                                    name: Name {
                                        name: "my_function",
                                        namespace: None,
                                    },
                                    arguments: [
                                        Spanned {
                                            value: Path(
                                                PathExpr {
                                                    steps: [
                                                        Spanned {
                                                            value: PrimaryExpr(
                                                                Spanned {
                                                                    value: Literal(
                                                                        Integer(
                                                                            1,
                                                                        ),
                                                                    ),
                                                                    span: SourceSpan {
                                                                        offset: SourceOffset(
                                                                            12,
                                                                        ),
                                                                        length: SourceOffset(
                                                                            1,
                                                                        ),
                                                                    },
                                                                },
                                                            ),
                                                            span: SourceSpan {
                                                                offset: SourceOffset(
                                                                    12,
                                                                ),
                                                                length: SourceOffset(
                                                                    1,
                                                                ),
                                                            },
                                                        },
                                                    ],
                                                },
                                            ),
                                            span: SourceSpan {
                                                offset: SourceOffset(
                                                    12,
                                                ),
                                                length: SourceOffset(
                                                    1,
                                                ),
                                            },
                                        },
                                        Spanned {
                                            value: Path(
                                                PathExpr {
                                                    steps: [
                                                        Spanned {
                                                            value: PrimaryExpr(
                                                                Spanned {
                                                                    value: Literal(
                                                                        Integer(
                                                                            2,
                                                                        ),
                                                                    ),
                                                                    span: SourceSpan {
                                                                        offset: SourceOffset(
                                                                            15,
                                                                        ),
                                                                        length: SourceOffset(
                                                                            1,
                                                                        ),
                                                                    },
                                                                },
                                                            ),
                                                            span: SourceSpan {
                                                                offset: SourceOffset(
                                                                    15,
                                                                ),
                                                                length: SourceOffset(
                                                                    1,
                                                                ),
                                                            },
                                                        },
                                                    ],
                                                },
                                            ),
                                            span: SourceSpan {
                                                offset: SourceOffset(
                                                    15,
                                                ),
                                                length: SourceOffset(
                                                    1,
                                                ),
                                            },
                                        },
                                    ],
                                },
                            ),
                            span: SourceSpan {
                                offset: SourceOffset(
                                    0,
                                ),
                                length: SourceOffset(
                                    17,
                                ),
                            },
                        },
                    ),
                    span: SourceSpan {
                        offset: SourceOffset(
                            0,
                        ),
                        length: SourceOffset(
                            17,
                        ),
                    },
                },
            ],
        },
    ),
    span: SourceSpan {
        offset: SourceOffset(
            0,
        ),
        length: SourceOffset(
            17,
        ),
    },
}
