---
source: xee-xpath/src/ast_ir.rs
expression: "convert_xpath(\"my_function#2\")"
---
Ok(
    Spanned {
        value: FunctionDefinition(
            FunctionDefinition {
                params: [
                    Param(
                        Name(
                            "v0",
                        ),
                    ),
                    Param(
                        Name(
                            "v1",
                        ),
                    ),
                    Param(
                        Name(
                            "v2",
                        ),
                    ),
                ],
                body: Spanned {
                    value: StaticFunctionReference(
                        StaticFunctionId(
                            0,
                        ),
                        Some(
                            ContextNames {
                                item: Name(
                                    "v0",
                                ),
                                position: Name(
                                    "v1",
                                ),
                                last: Name(
                                    "v2",
                                ),
                            },
                        ),
                    ),
                    span: SourceSpan {
                        offset: SourceOffset(
                            0,
                        ),
                        length: SourceOffset(
                            13,
                        ),
                    },
                },
            },
        ),
        span: SourceSpan {
            offset: SourceOffset(
                0,
            ),
            length: SourceOffset(
                13,
            ),
        },
    },
)
