---
source: xee-xpath/src/ast_ir.rs
expression: "convert_expr_single(\"1 + 2 + 3\")"
---
Let(
    Let {
        name: Name(
            "v2",
        ),
        var_expr: Binary(
            Binary {
                left: Const(
                    Integer(
                        1,
                    ),
                ),
                op: Add,
                right: Const(
                    Integer(
                        2,
                    ),
                ),
            },
        ),
        return_expr: Binary(
            Binary {
                left: Variable(
                    Name(
                        "v2",
                    ),
                ),
                op: Add,
                right: Const(
                    Integer(
                        3,
                    ),
                ),
            },
        ),
    },
)
