---
source: xee-xpath/src/ir_interpret.rs
expression: "run(\"1 ! (. , 0)\")"
---
Ok(
    Sequence(
        RefCell {
            value: Sequence {
                items: [
                    Atomic(
                        Integer(
                            1,
                        ),
                    ),
                    Atomic(
                        Integer(
                            0,
                        ),
                    ),
                ],
            },
        },
    ),
)
