---
source: xee-xpath/src/parse_ast.rs
expression: "parse_primary_expr(\"1\")"
---
Spanned {
    value: Literal(
        Integer(
            1,
        ),
    ),
    span: SourceSpan {
        offset: SourceOffset(
            0,
        ),
        length: SourceOffset(
            1,
        ),
    },
}
