---
source: xee-xpath/src/parse_ast.rs
expression: "parse_expr_single(\"let $x := 1, $y := 2 return 5\")"
---
Spanned {
    value: Let(
        LetExpr {
            var_name: Name {
                name: "x",
                namespace: None,
            },
            var_expr: Spanned {
                value: Path(
                    PathExpr {
                        steps: [
                            Spanned {
                                value: PrimaryExpr(
                                    Spanned {
                                        value: Literal(
                                            Integer(
                                                1,
                                            ),
                                        ),
                                        span: SourceSpan {
                                            offset: SourceOffset(
                                                10,
                                            ),
                                            length: SourceOffset(
                                                1,
                                            ),
                                        },
                                    },
                                ),
                                span: SourceSpan {
                                    offset: SourceOffset(
                                        10,
                                    ),
                                    length: SourceOffset(
                                        1,
                                    ),
                                },
                            },
                        ],
                    },
                ),
                span: SourceSpan {
                    offset: SourceOffset(
                        10,
                    ),
                    length: SourceOffset(
                        1,
                    ),
                },
            },
            return_expr: Spanned {
                value: Let(
                    LetExpr {
                        var_name: Name {
                            name: "y",
                            namespace: None,
                        },
                        var_expr: Spanned {
                            value: Path(
                                PathExpr {
                                    steps: [
                                        Spanned {
                                            value: PrimaryExpr(
                                                Spanned {
                                                    value: Literal(
                                                        Integer(
                                                            2,
                                                        ),
                                                    ),
                                                    span: SourceSpan {
                                                        offset: SourceOffset(
                                                            19,
                                                        ),
                                                        length: SourceOffset(
                                                            1,
                                                        ),
                                                    },
                                                },
                                            ),
                                            span: SourceSpan {
                                                offset: SourceOffset(
                                                    19,
                                                ),
                                                length: SourceOffset(
                                                    1,
                                                ),
                                            },
                                        },
                                    ],
                                },
                            ),
                            span: SourceSpan {
                                offset: SourceOffset(
                                    19,
                                ),
                                length: SourceOffset(
                                    2,
                                ),
                            },
                        },
                        return_expr: Spanned {
                            value: Path(
                                PathExpr {
                                    steps: [
                                        Spanned {
                                            value: PrimaryExpr(
                                                Spanned {
                                                    value: Literal(
                                                        Integer(
                                                            5,
                                                        ),
                                                    ),
                                                    span: SourceSpan {
                                                        offset: SourceOffset(
                                                            28,
                                                        ),
                                                        length: SourceOffset(
                                                            1,
                                                        ),
                                                    },
                                                },
                                            ),
                                            span: SourceSpan {
                                                offset: SourceOffset(
                                                    28,
                                                ),
                                                length: SourceOffset(
                                                    1,
                                                ),
                                            },
                                        },
                                    ],
                                },
                            ),
                            span: SourceSpan {
                                offset: SourceOffset(
                                    28,
                                ),
                                length: SourceOffset(
                                    1,
                                ),
                            },
                        },
                    },
                ),
                span: SourceSpan {
                    offset: SourceOffset(
                        0,
                    ),
                    length: SourceOffset(
                        29,
                    ),
                },
            },
        },
    ),
    span: SourceSpan {
        offset: SourceOffset(
            0,
        ),
        length: SourceOffset(
            29,
        ),
    },
}
