---
source: xee-xpath/src/ast_ir.rs
expression: "convert_expr_single(\"function($x) { $x + 1 }(3 + 5)\")"
---
Let(
    Let {
        name: Name(
            "v3",
        ),
        var_expr: FunctionDefinition(
            FunctionDefinition {
                params: [
                    Param(
                        Name(
                            "v0",
                        ),
                    ),
                ],
                body: Binary(
                    Binary {
                        left: Variable(
                            Name(
                                "v0",
                            ),
                        ),
                        binary_op: Add,
                        right: Const(
                            Integer(
                                1,
                            ),
                        ),
                    },
                ),
            },
        ),
        return_expr: Let(
            Let {
                name: Name(
                    "v6",
                ),
                var_expr: Binary(
                    Binary {
                        left: Const(
                            Integer(
                                3,
                            ),
                        ),
                        binary_op: Add,
                        right: Const(
                            Integer(
                                5,
                            ),
                        ),
                    },
                ),
                return_expr: FunctionCall(
                    FunctionCall {
                        atom: Variable(
                            Name(
                                "v3",
                            ),
                        ),
                        args: [
                            Variable(
                                Name(
                                    "v6",
                                ),
                            ),
                        ],
                    },
                ),
            },
        ),
    },
)
