---
source: xee-xpath/src/parse_ast.rs
expression: "parse_expr_single(\"if (1) then 2 else 3\")"
---
(
    If(
        IfExpr {
            condition: (
                [
                    (
                        Path(
                            PathExpr {
                                steps: [
                                    (
                                        PrimaryExpr(
                                            (
                                                Literal(
                                                    Integer(
                                                        1,
                                                    ),
                                                ),
                                                SourceSpan {
                                                    offset: SourceOffset(
                                                        4,
                                                    ),
                                                    length: SourceOffset(
                                                        1,
                                                    ),
                                                },
                                            ),
                                        ),
                                        SourceSpan {
                                            offset: SourceOffset(
                                                4,
                                            ),
                                            length: SourceOffset(
                                                1,
                                            ),
                                        },
                                    ),
                                ],
                            },
                        ),
                        SourceSpan {
                            offset: SourceOffset(
                                4,
                            ),
                            length: SourceOffset(
                                1,
                            ),
                        },
                    ),
                ],
                SourceSpan {
                    offset: SourceOffset(
                        4,
                    ),
                    length: SourceOffset(
                        1,
                    ),
                },
            ),
            then: (
                Path(
                    PathExpr {
                        steps: [
                            (
                                PrimaryExpr(
                                    (
                                        Literal(
                                            Integer(
                                                2,
                                            ),
                                        ),
                                        SourceSpan {
                                            offset: SourceOffset(
                                                12,
                                            ),
                                            length: SourceOffset(
                                                1,
                                            ),
                                        },
                                    ),
                                ),
                                SourceSpan {
                                    offset: SourceOffset(
                                        12,
                                    ),
                                    length: SourceOffset(
                                        1,
                                    ),
                                },
                            ),
                        ],
                    },
                ),
                SourceSpan {
                    offset: SourceOffset(
                        12,
                    ),
                    length: SourceOffset(
                        2,
                    ),
                },
            ),
            else_: (
                Path(
                    PathExpr {
                        steps: [
                            (
                                PrimaryExpr(
                                    (
                                        Literal(
                                            Integer(
                                                3,
                                            ),
                                        ),
                                        SourceSpan {
                                            offset: SourceOffset(
                                                19,
                                            ),
                                            length: SourceOffset(
                                                1,
                                            ),
                                        },
                                    ),
                                ),
                                SourceSpan {
                                    offset: SourceOffset(
                                        19,
                                    ),
                                    length: SourceOffset(
                                        1,
                                    ),
                                },
                            ),
                        ],
                    },
                ),
                SourceSpan {
                    offset: SourceOffset(
                        19,
                    ),
                    length: SourceOffset(
                        1,
                    ),
                },
            ),
        },
    ),
    SourceSpan {
        offset: SourceOffset(
            0,
        ),
        length: SourceOffset(
            20,
        ),
    },
)
