---
source: xee-xpath/src/parse_ast.rs
expression: "parse_expr_single(\"self::attribute()\")"
---
(
    Path(
        PathExpr {
            steps: [
                AxisStep(
                    AxisStep {
                        axis: Self_,
                        node_test: (
                            KindTest(
                                Attribute(
                                    None,
                                ),
                            ),
                            0..17,
                        ),
                        predicates: [],
                    },
                ),
            ],
        },
    ),
    0..17,
)
