---
source: xee-xpath/src/ir_interpret.rs
expression: "run_xml(r#\"<doc><a/><b><c/></b></doc>\"#,\n    \"fn:root(doc/a) / doc / b / fn:local-name()\")"
---
Ok(
    Sequence(
        RefCell {
            value: Sequence {
                items: [
                    Atomic(
                        String(
                            "b",
                        ),
                    ),
                ],
            },
        },
    ),
)
