---
source: xee-xpath/src/parse_ast.rs
expression: "parse_expr_single(\"foo/..\")"
---
(
    Path(
        PathExpr {
            steps: [
                (
                    AxisStep(
                        AxisStep {
                            axis: Child,
                            node_test: NameTest(
                                Name(
                                    Name {
                                        name: "foo",
                                        namespace: None,
                                    },
                                ),
                            ),
                            predicates: [],
                        },
                    ),
                    0..3,
                ),
                (
                    AxisStep(
                        AxisStep {
                            axis: Parent,
                            node_test: KindTest(
                                Any,
                            ),
                            predicates: [],
                        },
                    ),
                    4..6,
                ),
            ],
        },
    ),
    0..6,
)
