---
source: xee-xpath/src/ast_ir.rs
expression: "convert_expr_single(\"some $x in (1, 2) satisfies $x gt 1\")"
---
Let(
    Let {
        name: Name(
            "v3",
        ),
        var_expr: Binary(
            Binary {
                left: Const(
                    Integer(
                        1,
                    ),
                ),
                op: Comma,
                right: Const(
                    Integer(
                        2,
                    ),
                ),
            },
        ),
        return_expr: Quantified(
            Quantified {
                quantifier: Some,
                context_names: ContextNames {
                    item: Name(
                        "v0",
                    ),
                    position: None,
                    last: None,
                },
                var_atom: Variable(
                    Name(
                        "v3",
                    ),
                ),
                satisifies_expr: Binary(
                    Binary {
                        left: Variable(
                            Name(
                                "v0",
                            ),
                        ),
                        op: Gt,
                        right: Const(
                            Integer(
                                1,
                            ),
                        ),
                    },
                ),
            },
        ),
    },
)
