---
source: xee-xpath/src/parse_ast.rs
expression: "parse_expr_single(\"every $x in (1, 2) satisfies $x > 0\")"
---
(
    Quantified(
        QuantifiedExpr {
            quantifier: Every,
            var_name: Name {
                name: "x",
                namespace: None,
            },
            var_expr: (
                Path(
                    PathExpr {
                        steps: [
                            (
                                PrimaryExpr(
                                    (
                                        Expr(
                                            (
                                                [
                                                    (
                                                        Path(
                                                            PathExpr {
                                                                steps: [
                                                                    (
                                                                        PrimaryExpr(
                                                                            (
                                                                                Expr(
                                                                                    (
                                                                                        [
                                                                                            (
                                                                                                Path(
                                                                                                    PathExpr {
                                                                                                        steps: [
                                                                                                            (
                                                                                                                PrimaryExpr(
                                                                                                                    (
                                                                                                                        Literal(
                                                                                                                            Integer(
                                                                                                                                1,
                                                                                                                            ),
                                                                                                                        ),
                                                                                                                        SourceSpan {
                                                                                                                            offset: SourceOffset(
                                                                                                                                13,
                                                                                                                            ),
                                                                                                                            length: SourceOffset(
                                                                                                                                1,
                                                                                                                            ),
                                                                                                                        },
                                                                                                                    ),
                                                                                                                ),
                                                                                                                SourceSpan {
                                                                                                                    offset: SourceOffset(
                                                                                                                        13,
                                                                                                                    ),
                                                                                                                    length: SourceOffset(
                                                                                                                        1,
                                                                                                                    ),
                                                                                                                },
                                                                                                            ),
                                                                                                        ],
                                                                                                    },
                                                                                                ),
                                                                                                SourceSpan {
                                                                                                    offset: SourceOffset(
                                                                                                        13,
                                                                                                    ),
                                                                                                    length: SourceOffset(
                                                                                                        1,
                                                                                                    ),
                                                                                                },
                                                                                            ),
                                                                                            (
                                                                                                Path(
                                                                                                    PathExpr {
                                                                                                        steps: [
                                                                                                            (
                                                                                                                PrimaryExpr(
                                                                                                                    (
                                                                                                                        Literal(
                                                                                                                            Integer(
                                                                                                                                2,
                                                                                                                            ),
                                                                                                                        ),
                                                                                                                        SourceSpan {
                                                                                                                            offset: SourceOffset(
                                                                                                                                16,
                                                                                                                            ),
                                                                                                                            length: SourceOffset(
                                                                                                                                1,
                                                                                                                            ),
                                                                                                                        },
                                                                                                                    ),
                                                                                                                ),
                                                                                                                SourceSpan {
                                                                                                                    offset: SourceOffset(
                                                                                                                        16,
                                                                                                                    ),
                                                                                                                    length: SourceOffset(
                                                                                                                        1,
                                                                                                                    ),
                                                                                                                },
                                                                                                            ),
                                                                                                        ],
                                                                                                    },
                                                                                                ),
                                                                                                SourceSpan {
                                                                                                    offset: SourceOffset(
                                                                                                        16,
                                                                                                    ),
                                                                                                    length: SourceOffset(
                                                                                                        1,
                                                                                                    ),
                                                                                                },
                                                                                            ),
                                                                                        ],
                                                                                        SourceSpan {
                                                                                            offset: SourceOffset(
                                                                                                13,
                                                                                            ),
                                                                                            length: SourceOffset(
                                                                                                4,
                                                                                            ),
                                                                                        },
                                                                                    ),
                                                                                ),
                                                                                SourceSpan {
                                                                                    offset: SourceOffset(
                                                                                        13,
                                                                                    ),
                                                                                    length: SourceOffset(
                                                                                        4,
                                                                                    ),
                                                                                },
                                                                            ),
                                                                        ),
                                                                        SourceSpan {
                                                                            offset: SourceOffset(
                                                                                13,
                                                                            ),
                                                                            length: SourceOffset(
                                                                                4,
                                                                            ),
                                                                        },
                                                                    ),
                                                                ],
                                                            },
                                                        ),
                                                        SourceSpan {
                                                            offset: SourceOffset(
                                                                13,
                                                            ),
                                                            length: SourceOffset(
                                                                4,
                                                            ),
                                                        },
                                                    ),
                                                ],
                                                SourceSpan {
                                                    offset: SourceOffset(
                                                        12,
                                                    ),
                                                    length: SourceOffset(
                                                        6,
                                                    ),
                                                },
                                            ),
                                        ),
                                        SourceSpan {
                                            offset: SourceOffset(
                                                12,
                                            ),
                                            length: SourceOffset(
                                                6,
                                            ),
                                        },
                                    ),
                                ),
                                SourceSpan {
                                    offset: SourceOffset(
                                        12,
                                    ),
                                    length: SourceOffset(
                                        6,
                                    ),
                                },
                            ),
                        ],
                    },
                ),
                SourceSpan {
                    offset: SourceOffset(
                        12,
                    ),
                    length: SourceOffset(
                        7,
                    ),
                },
            ),
            satisfies_expr: (
                Binary(
                    BinaryExpr {
                        operator: GenGt,
                        left: PathExpr {
                            steps: [
                                (
                                    PrimaryExpr(
                                        (
                                            VarRef(
                                                Name {
                                                    name: "x",
                                                    namespace: None,
                                                },
                                            ),
                                            SourceSpan {
                                                offset: SourceOffset(
                                                    29,
                                                ),
                                                length: SourceOffset(
                                                    2,
                                                ),
                                            },
                                        ),
                                    ),
                                    SourceSpan {
                                        offset: SourceOffset(
                                            29,
                                        ),
                                        length: SourceOffset(
                                            2,
                                        ),
                                    },
                                ),
                            ],
                        },
                        right: PathExpr {
                            steps: [
                                (
                                    PrimaryExpr(
                                        (
                                            Literal(
                                                Integer(
                                                    0,
                                                ),
                                            ),
                                            SourceSpan {
                                                offset: SourceOffset(
                                                    34,
                                                ),
                                                length: SourceOffset(
                                                    1,
                                                ),
                                            },
                                        ),
                                    ),
                                    SourceSpan {
                                        offset: SourceOffset(
                                            34,
                                        ),
                                        length: SourceOffset(
                                            1,
                                        ),
                                    },
                                ),
                            ],
                        },
                    },
                ),
                SourceSpan {
                    offset: SourceOffset(
                        29,
                    ),
                    length: SourceOffset(
                        6,
                    ),
                },
            ),
        },
    ),
    SourceSpan {
        offset: SourceOffset(
            0,
        ),
        length: SourceOffset(
            35,
        ),
    },
)
