---
source: xee-xpath/src/parse_ast.rs
expression: "parse_expr_single(\"self::node()\")"
---
Path(
    PathExpr {
        steps: [
            AxisStep(
                AxisStep {
                    axis: Self_,
                    node_test: KindTest(
                        Any,
                    ),
                    predicates: [],
                },
            ),
        ],
    },
)
