---
source: xee-xpath/src/parse_ast.rs
expression: "parse_expr_single(\"1 and 2\")"
---
(
    Binary(
        BinaryExpr {
            operator: And,
            left: PathExpr {
                steps: [
                    (
                        PrimaryExpr(
                            (
                                Literal(
                                    Integer(
                                        1,
                                    ),
                                ),
                                0..1,
                            ),
                        ),
                        0..1,
                    ),
                ],
            },
            right: PathExpr {
                steps: [
                    (
                        PrimaryExpr(
                            (
                                Literal(
                                    Integer(
                                        2,
                                    ),
                                ),
                                6..7,
                            ),
                        ),
                        6..7,
                    ),
                ],
            },
        },
    ),
    0..7,
)
