---
source: xee-xpath/src/parse_ast.rs
expression: "parse_expr_single(\"$foo()\")"
---
Path(
    PathExpr {
        steps: [
            PostfixExpr {
                primary: VarRef(
                    Name {
                        name: "foo",
                        namespace: None,
                    },
                ),
                postfixes: [
                    ArgumentList(
                        [],
                    ),
                ],
            },
        ],
    },
)
