---
source: xee-xpath/src/parse_ast.rs
expression: "parse_expr_single(\"for $x in 1 to 2 return $x\")"
---
(
    For(
        ForExpr {
            var_name: Name {
                name: "x",
                namespace: None,
            },
            var_expr: (
                Binary(
                    BinaryExpr {
                        operator: Range,
                        left: PathExpr {
                            steps: [
                                (
                                    PrimaryExpr(
                                        (
                                            Literal(
                                                Integer(
                                                    1,
                                                ),
                                            ),
                                            SourceSpan {
                                                offset: SourceOffset(
                                                    10,
                                                ),
                                                length: SourceOffset(
                                                    1,
                                                ),
                                            },
                                        ),
                                    ),
                                    SourceSpan {
                                        offset: SourceOffset(
                                            10,
                                        ),
                                        length: SourceOffset(
                                            1,
                                        ),
                                    },
                                ),
                            ],
                        },
                        right: PathExpr {
                            steps: [
                                (
                                    PrimaryExpr(
                                        (
                                            Literal(
                                                Integer(
                                                    2,
                                                ),
                                            ),
                                            SourceSpan {
                                                offset: SourceOffset(
                                                    15,
                                                ),
                                                length: SourceOffset(
                                                    1,
                                                ),
                                            },
                                        ),
                                    ),
                                    SourceSpan {
                                        offset: SourceOffset(
                                            15,
                                        ),
                                        length: SourceOffset(
                                            1,
                                        ),
                                    },
                                ),
                            ],
                        },
                    },
                ),
                SourceSpan {
                    offset: SourceOffset(
                        10,
                    ),
                    length: SourceOffset(
                        7,
                    ),
                },
            ),
            return_expr: (
                Path(
                    PathExpr {
                        steps: [
                            (
                                PrimaryExpr(
                                    (
                                        VarRef(
                                            Name {
                                                name: "x",
                                                namespace: None,
                                            },
                                        ),
                                        SourceSpan {
                                            offset: SourceOffset(
                                                24,
                                            ),
                                            length: SourceOffset(
                                                2,
                                            ),
                                        },
                                    ),
                                ),
                                SourceSpan {
                                    offset: SourceOffset(
                                        24,
                                    ),
                                    length: SourceOffset(
                                        2,
                                    ),
                                },
                            ),
                        ],
                    },
                ),
                SourceSpan {
                    offset: SourceOffset(
                        24,
                    ),
                    length: SourceOffset(
                        2,
                    ),
                },
            ),
        },
    ),
    SourceSpan {
        offset: SourceOffset(
            0,
        ),
        length: SourceOffset(
            26,
        ),
    },
)
