---
source: xee-xpath/src/span.rs
expression: convert_xpath(expr)
---
Ok(
    Spanned {
        value: FunctionDefinition(
            FunctionDefinition {
                params: [
                    Param(
                        Name(
                            "v0",
                        ),
                    ),
                    Param(
                        Name(
                            "v1",
                        ),
                    ),
                    Param(
                        Name(
                            "v2",
                        ),
                    ),
                ],
                body: Spanned {
                    value: Let(
                        Let {
                            name: Name(
                                "v5",
                            ),
                            var_expr: Spanned {
                                value: Binary(
                                    Binary {
                                        left: Spanned {
                                            value: Const(
                                                Integer(
                                                    0,
                                                ),
                                            ),
                                            span: SourceSpan {
                                                offset: SourceOffset(
                                                    1,
                                                ),
                                                length: SourceOffset(
                                                    1,
                                                ),
                                            },
                                        },
                                        op: Comma,
                                        right: Spanned {
                                            value: Const(
                                                Integer(
                                                    1,
                                                ),
                                            ),
                                            span: SourceSpan {
                                                offset: SourceOffset(
                                                    4,
                                                ),
                                                length: SourceOffset(
                                                    1,
                                                ),
                                            },
                                        },
                                    },
                                ),
                                span: SourceSpan {
                                    offset: SourceOffset(
                                        1,
                                    ),
                                    length: SourceOffset(
                                        4,
                                    ),
                                },
                            },
                            return_expr: Spanned {
                                value: Binary(
                                    Binary {
                                        left: Spanned {
                                            value: Variable(
                                                Name(
                                                    "v5",
                                                ),
                                            ),
                                            span: SourceSpan {
                                                offset: SourceOffset(
                                                    1,
                                                ),
                                                length: SourceOffset(
                                                    4,
                                                ),
                                            },
                                        },
                                        op: Comma,
                                        right: Spanned {
                                            value: Const(
                                                Integer(
                                                    2,
                                                ),
                                            ),
                                            span: SourceSpan {
                                                offset: SourceOffset(
                                                    7,
                                                ),
                                                length: SourceOffset(
                                                    1,
                                                ),
                                            },
                                        },
                                    },
                                ),
                                span: SourceSpan {
                                    offset: SourceOffset(
                                        1,
                                    ),
                                    length: SourceOffset(
                                        7,
                                    ),
                                },
                            },
                        },
                    ),
                    span: SourceSpan {
                        offset: SourceOffset(
                            1,
                        ),
                        length: SourceOffset(
                            7,
                        ),
                    },
                },
            },
        ),
        span: SourceSpan {
            offset: SourceOffset(
                0,
            ),
            length: SourceOffset(
                9,
            ),
        },
    },
)
