---
source: xee-xpath/src/parse_ast.rs
expression: "parse_xpath_no_default_ns(\"1 + 2, 3 + 4\")"
---
Ok(
    XPath {
        exprs: (
            [
                (
                    Binary(
                        BinaryExpr {
                            operator: Add,
                            left: PathExpr {
                                steps: [
                                    (
                                        PrimaryExpr(
                                            (
                                                Literal(
                                                    Integer(
                                                        1,
                                                    ),
                                                ),
                                                SourceSpan {
                                                    offset: SourceOffset(
                                                        0,
                                                    ),
                                                    length: SourceOffset(
                                                        1,
                                                    ),
                                                },
                                            ),
                                        ),
                                        SourceSpan {
                                            offset: SourceOffset(
                                                0,
                                            ),
                                            length: SourceOffset(
                                                1,
                                            ),
                                        },
                                    ),
                                ],
                            },
                            right: PathExpr {
                                steps: [
                                    (
                                        PrimaryExpr(
                                            (
                                                Literal(
                                                    Integer(
                                                        2,
                                                    ),
                                                ),
                                                SourceSpan {
                                                    offset: SourceOffset(
                                                        4,
                                                    ),
                                                    length: SourceOffset(
                                                        1,
                                                    ),
                                                },
                                            ),
                                        ),
                                        SourceSpan {
                                            offset: SourceOffset(
                                                4,
                                            ),
                                            length: SourceOffset(
                                                1,
                                            ),
                                        },
                                    ),
                                ],
                            },
                        },
                    ),
                    SourceSpan {
                        offset: SourceOffset(
                            0,
                        ),
                        length: SourceOffset(
                            5,
                        ),
                    },
                ),
                (
                    Binary(
                        BinaryExpr {
                            operator: Add,
                            left: PathExpr {
                                steps: [
                                    (
                                        PrimaryExpr(
                                            (
                                                Literal(
                                                    Integer(
                                                        3,
                                                    ),
                                                ),
                                                SourceSpan {
                                                    offset: SourceOffset(
                                                        7,
                                                    ),
                                                    length: SourceOffset(
                                                        1,
                                                    ),
                                                },
                                            ),
                                        ),
                                        SourceSpan {
                                            offset: SourceOffset(
                                                7,
                                            ),
                                            length: SourceOffset(
                                                1,
                                            ),
                                        },
                                    ),
                                ],
                            },
                            right: PathExpr {
                                steps: [
                                    (
                                        PrimaryExpr(
                                            (
                                                Literal(
                                                    Integer(
                                                        4,
                                                    ),
                                                ),
                                                SourceSpan {
                                                    offset: SourceOffset(
                                                        11,
                                                    ),
                                                    length: SourceOffset(
                                                        1,
                                                    ),
                                                },
                                            ),
                                        ),
                                        SourceSpan {
                                            offset: SourceOffset(
                                                11,
                                            ),
                                            length: SourceOffset(
                                                1,
                                            ),
                                        },
                                    ),
                                ],
                            },
                        },
                    ),
                    SourceSpan {
                        offset: SourceOffset(
                            7,
                        ),
                        length: SourceOffset(
                            5,
                        ),
                    },
                ),
            ],
            SourceSpan {
                offset: SourceOffset(
                    0,
                ),
                length: SourceOffset(
                    12,
                ),
            },
        ),
    },
)
