---
source: xee-xpath/src/parse_ast.rs
expression: "parse_relative_path_expr(\"1\")"
---
[
    (
        PrimaryExpr(
            (
                Literal(
                    Integer(
                        1,
                    ),
                ),
                0..1,
            ),
        ),
        0..1,
    ),
]
