---
source: xee-xpath/src/parse_ast.rs
expression: "parse_xpath_no_default_ns(\"(1, 2), (3, 4)\")"
---
Ok(
    XPath {
        exprs: [
            Path(
                PathExpr {
                    steps: [
                        PrimaryExpr(
                            Expr(
                                [
                                    Path(
                                        PathExpr {
                                            steps: [
                                                PrimaryExpr(
                                                    Expr(
                                                        [
                                                            Path(
                                                                PathExpr {
                                                                    steps: [
                                                                        PrimaryExpr(
                                                                            Literal(
                                                                                Integer(
                                                                                    1,
                                                                                ),
                                                                            ),
                                                                        ),
                                                                    ],
                                                                },
                                                            ),
                                                            Path(
                                                                PathExpr {
                                                                    steps: [
                                                                        PrimaryExpr(
                                                                            Literal(
                                                                                Integer(
                                                                                    2,
                                                                                ),
                                                                            ),
                                                                        ),
                                                                    ],
                                                                },
                                                            ),
                                                        ],
                                                    ),
                                                ),
                                            ],
                                        },
                                    ),
                                ],
                            ),
                        ),
                    ],
                },
            ),
            Path(
                PathExpr {
                    steps: [
                        PrimaryExpr(
                            Expr(
                                [
                                    Path(
                                        PathExpr {
                                            steps: [
                                                PrimaryExpr(
                                                    Expr(
                                                        [
                                                            Path(
                                                                PathExpr {
                                                                    steps: [
                                                                        PrimaryExpr(
                                                                            Literal(
                                                                                Integer(
                                                                                    3,
                                                                                ),
                                                                            ),
                                                                        ),
                                                                    ],
                                                                },
                                                            ),
                                                            Path(
                                                                PathExpr {
                                                                    steps: [
                                                                        PrimaryExpr(
                                                                            Literal(
                                                                                Integer(
                                                                                    4,
                                                                                ),
                                                                            ),
                                                                        ),
                                                                    ],
                                                                },
                                                            ),
                                                        ],
                                                    ),
                                                ),
                                            ],
                                        },
                                    ),
                                ],
                            ),
                        ),
                    ],
                },
            ),
        ],
    },
)
