---
source: xee-xpath/src/ast/parse_ast.rs
expression: "parse_expr_single(\"parent::foo\")"
---
Spanned {
    value: Path(
        PathExpr {
            steps: [
                Spanned {
                    value: AxisStep(
                        AxisStep {
                            axis: Parent,
                            node_test: NameTest(
                                Name(
                                    Name {
                                        name: "foo",
                                        namespace: None,
                                    },
                                ),
                            ),
                            predicates: [],
                        },
                    ),
                    span: SourceSpan {
                        offset: SourceOffset(
                            0,
                        ),
                        length: SourceOffset(
                            11,
                        ),
                    },
                },
            ],
        },
    ),
    span: SourceSpan {
        offset: SourceOffset(
            0,
        ),
        length: SourceOffset(
            11,
        ),
    },
}
