---
source: xee-xpath-ast/src/parser/mod.rs
expression: "ast::ExprSingle::parse(\"child::foo[1]\")"
---
Ok(Path(PathExpr(
  steps: [
    AxisStep(AxisStep(
      axis: Child,
      node_test: NameTest(Name(Name(
        name: "foo",
        prefix: None,
        namespace: None,
      ))),
      predicates: [
        Expr([
          Path(PathExpr(
            steps: [
              PrimaryExpr(Literal(Integer((Positive, [
                1,
              ])))),
            ],
          )),
        ]),
      ],
    )),
  ],
)))
