---
source: xee-xpath-ast/src/parser/mod.rs
expression: "ast::Signature::parse(\"fn:foo-bar($a as node()?) as xs:integer\", &namespaces)"
---
Ok(Signature(
  name: Name(
    name: "foo-bar",
    prefix: Some("fn"),
    namespace: Some("http://www.w3.org/2005/xpath-functions"),
  ),
  params: [
    SignatureParam(
      name: Name(
        name: "a",
        prefix: None,
        namespace: None,
      ),
      type_: Item(Item(
        item_type: KindTest(Any),
        occurrence: Option,
      )),
    ),
  ],
  return_type: Item(Item(
    item_type: AtomicOrUnionType(Integer),
    occurrence: One,
  )),
))
