---
source: xee-xpath-ast/src/parser/mod.rs
expression: xpath
---
XPath(Expr([
  Path(PathExpr(
    steps: [
      AxisStep(AxisStep(
        axis: Child,
        node_test: NameTest(Name(Name(
          name: "a",
          prefix: None,
          namespace: None,
        ))),
        predicates: [],
      )),
    ],
  )),
]))
