---
source: xee-xpath-ast/src/parser/mod.rs
expression: "parse_xpath_simple(\"fn:if\")"
---
Ok(XPath(Expr([
  Path(PathExpr(
    steps: [
      AxisStep(AxisStep(
        axis: Child,
        node_test: NameTest(Name(OwnedName(
          local_name_str: "if",
          namespace_str: "http://www.w3.org/2005/xpath-functions",
          prefix_str: "fn",
        ))),
        predicates: [],
      )),
    ],
  )),
])))
