---
source: xee-xpath-ast/src/parser/pattern.rs
expression: "pattern::Pattern::parse(\"/foo\", &namespaces, &variable_names)"
---
Ok(Expr(Path(PathExpr(
  root: AbsoluteSlash,
  steps: [
    AxisStep(AxisStep(
      forward: Child,
      node_test: NameTest(Name(Name(
        name: "foo",
        prefix: None,
        namespace: None,
      ))),
      predicates: [],
    )),
  ],
))))
