---
source: xee-xpath-ast/src/parser/mod.rs
expression: "ast::ExprSingle::parse(\"'a' || 'b'\")"
---
Ok(Path(PathExpr(
  steps: [
    PrimaryExpr(Expr(Some(Expr([
      Binary(BinaryExpr(
        operator: Concat,
        left: PathExpr(
          steps: [
            PrimaryExpr(Literal(String("a"))),
          ],
        ),
        right: PathExpr(
          steps: [
            PrimaryExpr(Literal(String("b"))),
          ],
        ),
      )),
    ])))),
  ],
)))
