---
source: xee-xpath-ast/src/parser/mod.rs
expression: "ast::Signature::parse(\"fn:foo($a as xs:decimal*) as xs:integer\", &namespaces)"
---
Ok(Signature(
  name: Name(
    name: "foo",
    prefix: Some("fn"),
    namespace: Some("http://www.w3.org/2005/xpath-functions"),
  ),
  params: [
    SignatureParam(
      name: Name(
        name: "a",
        prefix: None,
        namespace: None,
      ),
      type_: Item(Item(
        item_type: AtomicOrUnionType(Name(
          name: "decimal",
          prefix: Some("xs"),
          namespace: Some("http://www.w3.org/2001/XMLSchema"),
        )),
        occurrence: Many,
      )),
    ),
  ],
  return_type: Item(Item(
    item_type: AtomicOrUnionType(Name(
      name: "integer",
      prefix: Some("xs"),
      namespace: Some("http://www.w3.org/2001/XMLSchema"),
    )),
    occurrence: One,
  )),
))
