---
source: xee-xslt-ast/src/parse2.rs
expression: "parser().parse_with_state(stream, &mut state).into_result()"
---
Ok(Variable(Variable(
  name: "foo",
  select: Some(XPath(Expr([
    Path(PathExpr(
      steps: [
        PrimaryExpr(FunctionCall(FunctionCall(
          name: Name(
            name: "true",
            prefix: None,
            namespace: Some("http://www.w3.org/2005/xpath-functions"),
          ),
          arguments: [],
        ))),
      ],
    )),
  ]))),
  content: [
    Text("Hello"),
  ],
)))
