---
source: xee-xslt-ast/src/value_template.rs
expression: "parse(\"hello {a}{b}!\", &parser_context)"
---
Ok([
  String(
    text: "hello ",
    span: Span(
      start: 0,
      end: 6,
    ),
  ),
  Value(
    xpath: XPath(Expr([
      Path(PathExpr(
        steps: [
          AxisStep(AxisStep(
            axis: Child,
            node_test: NameTest(Name(OwnedName(
              local_name_str: "a",
              namespace_str: "",
              prefix_str: "",
            ))),
            predicates: [],
          )),
        ],
      )),
    ])),
    span: Span(
      start: 7,
      end: 8,
    ),
  ),
  Value(
    xpath: XPath(Expr([
      Path(PathExpr(
        steps: [
          AxisStep(AxisStep(
            axis: Child,
            node_test: NameTest(Name(OwnedName(
              local_name_str: "b",
              namespace_str: "",
              prefix_str: "",
            ))),
            predicates: [],
          )),
        ],
      )),
    ])),
    span: Span(
      start: 10,
      end: 11,
    ),
  ),
  String(
    text: "!",
    span: Span(
      start: 12,
      end: 13,
    ),
  ),
])
