---
source: xee-xslt-ast/src/value_template.rs
expression: "parse(\"hello {a} and {b}!\")"
---
Ok([
  String(
    text: "hello ",
    span: Span(
      start: 0,
      end: 6,
    ),
  ),
  Value(
    text: "a",
    span: Span(
      start: 7,
      end: 8,
    ),
  ),
  String(
    text: " and ",
    span: Span(
      start: 9,
      end: 14,
    ),
  ),
  Value(
    text: "b",
    span: Span(
      start: 15,
      end: 16,
    ),
  ),
  String(
    text: "!",
    span: Span(
      start: 17,
      end: 18,
    ),
  ),
])
