---
source: xee-xpath/src/interpreter/ir_interpret.rs
expression: "run(\"() cast as xs:string\")"
---
Err(
    SpannedType {
        src: "() cast as xs:string",
        span: SourceSpan {
            offset: SourceOffset(
                0,
            ),
            length: SourceOffset(
                20,
            ),
        },
    },
)
