---
source: xee-xpath/src/interpreter/ir_interpret.rs
expression: "run(\". + 1\")"
---
Err(
    SpannedComponentAbsentInDynamicContext {
        src: ". + 1",
        span: SourceSpan {
            offset: SourceOffset(
                0,
            ),
            length: SourceOffset(
                5,
            ),
        },
    },
)
