---
source: xee-xpath/src/interpreter/ir_interpret.rs
expression: "run_with_variables(\"$foo\",\n    &[(ast::Name::without_ns(\"foo\"),\n                    vec![output :: Item ::\n                        from(output :: Atomic :: from(\"FOO\"))])])"
---
Ok(
    Item(
        Atomic(
            String(
                "FOO",
            ),
        ),
    ),
)
