---
source: xee-xpath/src/interpreter/ir_interpret.rs
expression: "run(\"(1, 2) ! (. + 1) ! (. + 2) ! (. + 3)\")"
---
Ok(
    Many(
        [
            Atomic(
                Integer(
                    7,
                ),
            ),
            Atomic(
                Integer(
                    8,
                ),
            ),
        ],
    ),
)
