---
source: xee-xpath/src/interpreter/ir_interpret.rs
expression: "run(\"(1, 2, 3)[. ge 2][. ge 3]\")"
---
Ok(
    Sequence(
        Sequence(
            RefCell {
                value: InnerSequence {
                    items: [
                        Atomic(
                            Integer(
                                3,
                            ),
                        ),
                    ],
                },
            },
        ),
    ),
)
