---
source: xee-xpath/src/interpreter/ir_interpret.rs
expression: "run(\"(1, 2) ! (. + 1) ! (. + 2)\")"
---
Ok(
    Sequence(
        StackSequence(
            RefCell {
                value: StackInnerSequence {
                    items: [
                        Atomic(
                            Integer(
                                4,
                            ),
                        ),
                        Atomic(
                            Integer(
                                5,
                            ),
                        ),
                    ],
                },
            },
        ),
    ),
)
