---
source: xee-xpath/src/interpreter/ir_interpret.rs
expression: "run_xml(\"<doc/>\", \"fn:last()\")"
---
Ok(
    Sequence {
        stack_value: One(
            Atomic(
                Integer(
                    Long,
                    1,
                ),
            ),
        ),
    },
)
