---
source: xee-xpath/src/interpreter/ir_interpret.rs
expression: "run(\"1 to 5\")"
---
Ok(
    Many(
        [
            Atomic(
                Integer(
                    Long,
                    1,
                ),
            ),
            Atomic(
                Integer(
                    Long,
                    2,
                ),
            ),
            Atomic(
                Integer(
                    Long,
                    3,
                ),
            ),
            Atomic(
                Integer(
                    Long,
                    4,
                ),
            ),
            Atomic(
                Integer(
                    Long,
                    5,
                ),
            ),
        ],
    ),
)
