---
source: xee-xpath/src/interpreter/ir_interpret.rs
expression: "run(\"(1, 2), (3, 4) ! (. + 1)\")"
---
Ok(
    Many(
        [
            Atomic(
                Integer(
                    Integer,
                    1,
                ),
            ),
            Atomic(
                Integer(
                    Integer,
                    2,
                ),
            ),
            Atomic(
                Integer(
                    Integer,
                    4,
                ),
            ),
            Atomic(
                Integer(
                    Integer,
                    5,
                ),
            ),
        ],
    ),
)
