---
source: xee-xpath/src/interpreter/ir_interpret.rs
expression: "run(\"fn:position() + 1\")"
---
Err(
    SpannedComponentAbsentInDynamicContext {
        src: "fn:position() + 1",
        span: SourceSpan {
            offset: SourceOffset(
                0,
            ),
            length: SourceOffset(
                17,
            ),
        },
    },
)
