---
source: xee-xpath/src/interpreter/ir_interpret.rs
expression: "run_xml(r#\"<doc><p>Hello world!</p></doc>\"#, \"/doc/p/string()\")"
---
Ok(
    Sequence {
        stack_value: Item(
            Atomic(
                String(
                    "Hello world!",
                ),
            ),
        ),
    },
)
