---
source: xee-xpath-compiler/tests/xpath.rs
expression: "run_xml(r#\"<doc><a/><b><c/></b></doc>\"#, \"descendant::* / fn:position()\")"
---
Ok(
    Many(
        Many {
            items: [
                Atomic(
                    Integer(
                        Integer,
                        1,
                    ),
                ),
                Atomic(
                    Integer(
                        Integer,
                        2,
                    ),
                ),
                Atomic(
                    Integer(
                        Integer,
                        3,
                    ),
                ),
                Atomic(
                    Integer(
                        Integer,
                        4,
                    ),
                ),
            ],
        },
    ),
)
