---
source: xee-xpath-compiler/tests/xpath.rs
expression: "run(\"('P1DT2H3M4S' cast as xs:dayTimeDuration) cast as xs:string\")"
---
Ok(
    One(
        One {
            item: Atomic(
                String(
                    String,
                    "P1DT2H3M4S",
                ),
            ),
        },
    ),
)
