---
source: xee-xpath-compiler/tests/xpath.rs
expression: "run(\"1, 2\")"
---
Ok(
    Many(
        Many {
            items: [
                Atomic(
                    Integer(
                        Integer,
                        1,
                    ),
                ),
                Atomic(
                    Integer(
                        Integer,
                        2,
                    ),
                ),
            ],
        },
    ),
)
