---
source: xee-xpath/tests/xpath.rs
expression: "run(\"'2019-01-01T00:00:00+01:00' cast as xs:dateTime\")"
---
Ok(
    Sequence {
        stack_value: One(
            Atomic(
                DateTime(
                    NaiveDateTimeWithOffset {
                        date_time: 2019-01-01T00:00:00,
                        offset: Some(
                            +01:00,
                        ),
                    },
                ),
            ),
        ),
    },
)
