---
source: xee-xpath-compiler/tests/xpath.rs
expression: "run(\"('20190' cast as xs:gYear) cast as xs:string\")"
---
Ok(
    One(
        One {
            item: Atomic(
                String(
                    String,
                    "20190",
                ),
            ),
        },
    ),
)
