---
source: xee-xpath/tests/xpath.rs
expression: "run(\"'2019-01Z' cast as xs:gYearMonth\")"
---
Ok(
    Sequence {
        stack_value: One(
            Atomic(
                GYearMonth(
                    GYearMonth {
                        year: 2019,
                        month: 1,
                        offset: Some(
                            +00:00,
                        ),
                    },
                ),
            ),
        ),
    },
)
