---
source: xee-xpath-compiler/tests/xpath.rs
expression: "run(\"xs:double('NaN')\")"
---
Ok(
    One(
        One {
            item: Atomic(
                Double(
                    OrderedFloat(
                        NaN,
                    ),
                ),
            ),
        },
    ),
)
