---
source: xee-xpath-compiler/tests/xpath.rs
expression: "run(\"function() { let $x := 3, $y := 1 return function() { $x - $y } }()()\")"
---
Ok(
    One(
        One {
            item: Atomic(
                Integer(
                    Integer,
                    2,
                ),
            ),
        },
    ),
)
