---
source: xee-xpath-compiler/tests/xpath.rs
expression: "run_xml(r#\"<doc><a/><b/><c/></doc>\"#, \"generate-id(doc/a)\",)"
---
Ok(
    Sequence {
        stack_value: One(
            Atomic(
                String(
                    String,
                    "id0s2",
                ),
            ),
        ),
    },
)
