---
source: xee-xpath/src/ir/ast_ir.rs
expression: "convert_expr_single(\"1\")"
---
Ok(
    Spanned {
        value: Atom(
            Spanned {
                value: Const(
                    Integer(
                        1,
                    ),
                ),
                span: 0..1,
            },
        ),
        span: 0..1,
    },
)
