---
source: xee-xpath/src/ir/ast_ir.rs
expression: "convert_xpath(\"child::a\")"
---
Ok(
    Spanned {
        value: FunctionDefinition(
            FunctionDefinition {
                params: [
                    Param(
                        Name(
                            "v0",
                        ),
                    ),
                    Param(
                        Name(
                            "v1",
                        ),
                    ),
                    Param(
                        Name(
                            "v2",
                        ),
                    ),
                ],
                body: Spanned {
                    value: Step(
                        Step {
                            step: Step {
                                axis: Child,
                                node_test: NameTest(
                                    Name(
                                        Spanned {
                                            value: Name {
                                                name: "a",
                                                prefix: None,
                                                namespace: None,
                                            },
                                            span: 7..8,
                                        },
                                    ),
                                ),
                            },
                            context: Spanned {
                                value: Variable(
                                    Name(
                                        "v0",
                                    ),
                                ),
                                span: 0..0,
                            },
                        },
                    ),
                    span: 0..8,
                },
            },
        ),
        span: 0..8,
    },
)
