---
source: xee-xpath/src/ir/ast_ir.rs
expression: "convert_expr_single(\"-+1\")"
---
Ok(
    Spanned {
        value: Let(
            Let {
                name: Name(
                    "v1",
                ),
                var_expr: Spanned {
                    value: Unary(
                        Unary {
                            op: Plus,
                            atom: Spanned {
                                value: Const(
                                    Integer(
                                        1,
                                    ),
                                ),
                                span: SourceSpan {
                                    offset: SourceOffset(
                                        2,
                                    ),
                                    length: SourceOffset(
                                        1,
                                    ),
                                },
                            },
                        },
                    ),
                    span: SourceSpan {
                        offset: SourceOffset(
                            0,
                        ),
                        length: SourceOffset(
                            3,
                        ),
                    },
                },
                return_expr: Spanned {
                    value: Unary(
                        Unary {
                            op: Minus,
                            atom: Spanned {
                                value: Variable(
                                    Name(
                                        "v1",
                                    ),
                                ),
                                span: SourceSpan {
                                    offset: SourceOffset(
                                        0,
                                    ),
                                    length: SourceOffset(
                                        3,
                                    ),
                                },
                            },
                        },
                    ),
                    span: SourceSpan {
                        offset: SourceOffset(
                            0,
                        ),
                        length: SourceOffset(
                            3,
                        ),
                    },
                },
            },
        ),
        span: SourceSpan {
            offset: SourceOffset(
                0,
            ),
            length: SourceOffset(
                3,
            ),
        },
    },
)
