---
source: xee-xpath/src/ir/ast_ir.rs
expression: "convert_xpath(\"()\")"
---
Ok(
    Spanned {
        value: FunctionDefinition(
            FunctionDefinition {
                params: [
                    Param(
                        Name(
                            "v0",
                        ),
                    ),
                    Param(
                        Name(
                            "v1",
                        ),
                    ),
                    Param(
                        Name(
                            "v2",
                        ),
                    ),
                ],
                body: Spanned {
                    value: Atom(
                        Spanned {
                            value: Const(
                                EmptySequence,
                            ),
                            span: 0..2,
                        },
                    ),
                    span: 0..2,
                },
            },
        ),
        span: 0..2,
    },
)
