---
source: xee-xpath/src/ir/ast_ir.rs
expression: "convert_xpath(\"? foo\")"
---
Ok(
    Spanned {
        value: FunctionDefinition(
            FunctionDefinition {
                params: [
                    Param {
                        name: Name(
                            "v0",
                        ),
                        type_: None,
                    },
                    Param {
                        name: Name(
                            "v1",
                        ),
                        type_: None,
                    },
                    Param {
                        name: Name(
                            "v2",
                        ),
                        type_: None,
                    },
                ],
                return_type: None,
                body: Spanned {
                    value: FunctionCall(
                        FunctionCall {
                            atom: Spanned {
                                value: Variable(
                                    Name(
                                        "v0",
                                    ),
                                ),
                                span: 0..0,
                            },
                            args: [
                                Spanned {
                                    value: Const(
                                        String(
                                            "foo",
                                        ),
                                    ),
                                    span: 0..5,
                                },
                            ],
                        },
                    ),
                    span: 0..5,
                },
            },
        ),
        span: 0..5,
    },
)
