---
source: xee-xpath/src/ir/ast_ir.rs
expression: "convert_expr_single(\"if (1 gt 2) then 1 + 2 else 3 + 4\")"
---
Ok(
    Spanned {
        value: Let(
            Let {
                name: Name(
                    "v2",
                ),
                var_expr: Spanned {
                    value: Binary(
                        Binary {
                            left: Spanned {
                                value: Const(
                                    Integer(
                                        1,
                                    ),
                                ),
                                span: SourceSpan {
                                    offset: SourceOffset(
                                        4,
                                    ),
                                    length: SourceOffset(
                                        1,
                                    ),
                                },
                            },
                            op: ValueGt,
                            right: Spanned {
                                value: Const(
                                    Integer(
                                        2,
                                    ),
                                ),
                                span: SourceSpan {
                                    offset: SourceOffset(
                                        9,
                                    ),
                                    length: SourceOffset(
                                        1,
                                    ),
                                },
                            },
                        },
                    ),
                    span: SourceSpan {
                        offset: SourceOffset(
                            4,
                        ),
                        length: SourceOffset(
                            6,
                        ),
                    },
                },
                return_expr: Spanned {
                    value: If(
                        If {
                            condition: Spanned {
                                value: Variable(
                                    Name(
                                        "v2",
                                    ),
                                ),
                                span: SourceSpan {
                                    offset: SourceOffset(
                                        4,
                                    ),
                                    length: SourceOffset(
                                        6,
                                    ),
                                },
                            },
                            then: Spanned {
                                value: Binary(
                                    Binary {
                                        left: Spanned {
                                            value: Const(
                                                Integer(
                                                    1,
                                                ),
                                            ),
                                            span: SourceSpan {
                                                offset: SourceOffset(
                                                    17,
                                                ),
                                                length: SourceOffset(
                                                    1,
                                                ),
                                            },
                                        },
                                        op: Add,
                                        right: Spanned {
                                            value: Const(
                                                Integer(
                                                    2,
                                                ),
                                            ),
                                            span: SourceSpan {
                                                offset: SourceOffset(
                                                    21,
                                                ),
                                                length: SourceOffset(
                                                    1,
                                                ),
                                            },
                                        },
                                    },
                                ),
                                span: SourceSpan {
                                    offset: SourceOffset(
                                        17,
                                    ),
                                    length: SourceOffset(
                                        6,
                                    ),
                                },
                            },
                            else_: Spanned {
                                value: Binary(
                                    Binary {
                                        left: Spanned {
                                            value: Const(
                                                Integer(
                                                    3,
                                                ),
                                            ),
                                            span: SourceSpan {
                                                offset: SourceOffset(
                                                    28,
                                                ),
                                                length: SourceOffset(
                                                    1,
                                                ),
                                            },
                                        },
                                        op: Add,
                                        right: Spanned {
                                            value: Const(
                                                Integer(
                                                    4,
                                                ),
                                            ),
                                            span: SourceSpan {
                                                offset: SourceOffset(
                                                    32,
                                                ),
                                                length: SourceOffset(
                                                    1,
                                                ),
                                            },
                                        },
                                    },
                                ),
                                span: SourceSpan {
                                    offset: SourceOffset(
                                        28,
                                    ),
                                    length: SourceOffset(
                                        5,
                                    ),
                                },
                            },
                        },
                    ),
                    span: SourceSpan {
                        offset: SourceOffset(
                            0,
                        ),
                        length: SourceOffset(
                            33,
                        ),
                    },
                },
            },
        ),
        span: SourceSpan {
            offset: SourceOffset(
                0,
            ),
            length: SourceOffset(
                33,
            ),
        },
    },
)
