---
source: xee-xpath-ast/src/ast/parse_ast.rs
expression: "parse_expr_single(\"child::*\")"
---
Spanned {
    value: Path(
        PathExpr {
            steps: [
                Spanned {
                    value: AxisStep(
                        AxisStep {
                            axis: Child,
                            node_test: NameTest(
                                Star,
                            ),
                            predicates: [],
                        },
                    ),
                    span: SourceSpan {
                        offset: SourceOffset(
                            0,
                        ),
                        length: SourceOffset(
                            8,
                        ),
                    },
                },
            ],
        },
    ),
    span: SourceSpan {
        offset: SourceOffset(
            0,
        ),
        length: SourceOffset(
            8,
        ),
    },
}
