---
source: xee-xpath-ast/src/ast/parse3.rs
expression: "parse_expr_single(\"1 treat as xs:integer\")"
---
Ok(Path(PathExpr(
  steps: [
    PrimaryExpr(Expr(Expr([
      Apply(ApplyExpr(
        path_expr: PathExpr(
          steps: [
            PrimaryExpr(Literal(Integer((Positive, [
              1,
            ])))),
          ],
        ),
        operator: Treat(Item(Item(
          item_type: AtomicOrUnionType(Name(
            name: "integer",
            prefix: Some("xs"),
            namespace: Some("http://www.w3.org/2001/XMLSchema"),
          )),
          occurrence: One,
        ))),
      )),
    ]))),
  ],
)))
