---
source: xee-xpath/src/ast/parse_ast.rs
expression: "parse_expr_single(\"self::node()\")"
---
Spanned {
    value: Path(
        PathExpr {
            steps: [
                Spanned {
                    value: AxisStep(
                        AxisStep {
                            axis: Self_,
                            node_test: KindTest(
                                Any,
                            ),
                            predicates: [],
                        },
                    ),
                    span: SourceSpan {
                        offset: SourceOffset(
                            0,
                        ),
                        length: SourceOffset(
                            12,
                        ),
                    },
                },
            ],
        },
    ),
    span: SourceSpan {
        offset: SourceOffset(
            0,
        ),
        length: SourceOffset(
            12,
        ),
    },
}
