---
source: xee-xpath-macros/src/parse.rs
expression: "syn::parse_str::<XPathFnOptions>(r#\"\"fn:foo() as xs:string\"\"#)"
---
Ok(
    XPathFnOptions {
        signature: Signature {
            name: Spanned {
                value: Name {
                    name: "foo",
                    prefix: Some(
                        "fn",
                    ),
                    namespace: Some(
                        "http://www.w3.org/2005/xpath-functions",
                    ),
                },
                span: 0..6,
            },
            params: [],
            return_type: Item(
                Item {
                    item_type: AtomicOrUnionType(
                        Spanned {
                            value: Name {
                                name: "string",
                                prefix: Some(
                                    "xs",
                                ),
                                namespace: Some(
                                    "http://www.w3.org/2001/XMLSchema",
                                ),
                            },
                            span: 12..21,
                        },
                    ),
                    occurrence: One,
                },
            ),
        },
        kind: None,
        signature_string: "fn:foo() as xs:string",
    },
)
