---
source: xee-xpath-macros/src/convert.rs
expression: "convert(\"xs:string\")"
---
"# [allow (non_snake_case)] let a = crate :: occurrence :: Occurrence :: one (& mut arguments [0] . unboxed_atomized (interpreter . xot () , | atomic | std :: convert :: TryInto :: < String > :: try_into (atomic))) ? ; # [allow (non_snake_case)] let a = a . as_ref () ;"
