---
source: xee-xslt-ast/src/instruction.rs
expression: "parse_sequence_constructor_item(r#\"<xsl:variable xmlns:xsl=\"http://www.w3.org/1999/XSL/Transform\" name=\"foo\" static=\"yes\" select=\"true()\">Hello</xsl:variable>\"#)"
---
Ok(Instruction(Variable(Variable(
  name: OwnedName(
    local_name_str: "foo",
    namespace_str: "",
    prefix_str: "",
  ),
  select: Some(Expression(
    xpath: XPath(Expr([
      Path(PathExpr(
        steps: [
          PrimaryExpr(FunctionCall(FunctionCall(
            name: OwnedName(
              local_name_str: "true",
              namespace_str: "http://www.w3.org/2005/xpath-functions",
              prefix_str: "",
            ),
            arguments: [],
          ))),
        ],
      )),
    ])),
    span: Span(
      start: 95,
      end: 101,
    ),
  )),
  as_: None,
  static_: true,
  visibility: None,
  sequence_constructor: [
    Content(Text("Hello")),
  ],
  span: Span(
    start: 1,
    end: 13,
  ),
))))
