---
source: xee-xslt-ast/src/instruction.rs
expression: "parse_sequence_constructor_item(r#\"<xsl:apply-templates default-mode=\"foo\" xmlns:xsl=\"http://www.w3.org/1999/XSL/Transform\" select=\"*\"/>\"#)"
---
Ok(Instruction(ApplyTemplates(ApplyTemplates(
  select: Some(Expression(
    xpath: XPath(Expr([
      Path(PathExpr(
        steps: [
          AxisStep(AxisStep(
            axis: Child,
            node_test: NameTest(Star),
            predicates: [],
          )),
        ],
      )),
    ])),
    span: Span(
      start: 97,
      end: 98,
    ),
  )),
  mode: EqName(OwnedName(
    local_name_str: "foo",
    namespace_str: "",
    prefix_str: "",
  )),
  content: [],
  span: Span(
    start: 1,
    end: 20,
  ),
))))
