---
source: xee-xpath-compiler/tests/xpath.rs
expression: "run(\"'2019-01' cast as xs:gYearMonth\")"
---
Ok(
    One(
        One {
            item: Atomic(
                GYearMonth(
                    GYearMonth {
                        year: 2019,
                        month: 1,
                        offset: None,
                    },
                ),
            ),
        },
    ),
)
