---
source: xee-xpath/tests/xpath.rs
expression: "run(\"'P1Y2M' cast as xs:yearMonthDuration\")"
---
Ok(
    Sequence {
        stack_value: One(
            Atomic(
                YearMonthDuration(
                    YearMonthDuration {
                        months: 14,
                    },
                ),
            ),
        ),
    },
)
