---
source: xee-xpath/tests/xpath.rs
expression: "run(\"'foo\\nbar' cast as xs:normalizedString\")"
---
Ok(
    Sequence {
        stack_value: One(
            Atomic(
                String(
                    NormalizedString,
                    "foo bar",
                ),
            ),
        ),
    },
)
