---
source: xee-xpath-compiler/tests/xpath.rs
expression: "run(\"('2019-01-03' cast as xs:date) cast as xs:string\")"
---
Ok(
    One(
        One {
            item: Atomic(
                String(
                    String,
                    "2019-01-03",
                ),
            ),
        },
    ),
)
